../Core/Src/main.c:84:1:__io_putchar	16	static
../Core/Src/main.c:95:8:user_spi_read	64	dynamic
../Core/Src/main.c:125:6:user_delay_us	16	static
../Core/Src/main.c:136:5:main	104	static
../Core/Src/main.c:287:6:SystemClock_Config	120	static
../Core/Src/main.c:346:13:MX_SPI1_Init	8	static
../Core/Src/main.c:394:13:MX_USART3_UART_Init	8	static
../Core/Src/main.c:442:13:MX_GPIO_Init	48	static
../Core/Src/main.c:471:7:BMI270_ReadTemp	16	static
../Core/Src/main.c:486:6:BMI270_WriteReg	16	static
../Core/Src/main.c:496:6:MPU_Config	24	static
../Core/Src/main.c:527:6:Error_Handler	4	static,ignoring_inline_asm
