../Core/Src/main.c:83:1:__io_putchar	16	static
../Core/Src/main.c:94:8:user_spi_read	64	dynamic
../Core/Src/main.c:124:6:user_delay_us	16	static
../Core/Src/main.c:135:5:main	88	static
../Core/Src/main.c:285:6:SystemClock_Config	120	static
../Core/Src/main.c:344:13:MX_SPI1_Init	8	static
../Core/Src/main.c:392:13:MX_USART3_UART_Init	8	static
../Core/Src/main.c:440:13:MX_GPIO_Init	48	static
../Core/Src/main.c:469:6:BMI270_WriteReg	16	static
../Core/Src/main.c:479:6:MPU_Config	24	static
../Core/Src/main.c:510:6:Error_Handler	4	static,ignoring_inline_asm
